// Jest Snapshot v1, https://goo.gl/fbAQLP

exports[`GlobalStore onChange username ($values) 1`] = `
{
  "username": "test",
}
`;

exports[`GlobalStore onChange username 1`] = `
[
  <input
    class="input"
    name="username"
    placeholder="Username"
    role="textbox"
    value="test"
  />,
  <input
    class="input"
    name="profile.firstName"
    placeholder="First name"
    role="textbox"
    value=""
  />,
  <input
    class="input"
    name="profile.lastName"
    placeholder="Last name"
    role="textbox"
    value=""
  />,
]
`;
