// Jest Snapshot v1, https://goo.gl/fbAQLP

exports[`SimpleFormFlat meta and onSubmit 1`] = `
{
  "errorsInline": {},
  "fieldsInline": {
    "profile.firstName": {
      "_type": "fieldMeta",
      "active": false,
      "blurred": false,
      "blurredAfterOuterError": false,
      "changed": false,
      "changedAfterOuterError": false,
      "touched": false,
      "touchedAfterOuterError": false,
      "validate": undefined,
    },
    "profile.lastName": {
      "_type": "fieldMeta",
      "active": false,
      "blurred": false,
      "blurredAfterOuterError": false,
      "changed": false,
      "changedAfterOuterError": false,
      "touched": false,
      "touchedAfterOuterError": false,
      "validate": undefined,
    },
    "username": {
      "_type": "fieldMeta",
      "active": false,
      "blurred": false,
      "blurredAfterOuterError": false,
      "changed": false,
      "changedAfterOuterError": false,
      "touched": false,
      "touchedAfterOuterError": false,
      "validate": undefined,
    },
  },
  "form": {
    "hasError": false,
    "hasOuterError": false,
    "submitted": true,
  },
  "meta": {
    "formName": "simpleForm",
  },
  "outerErrorsInline": {},
  "values": {},
}
`;

exports[`SimpleFormFlat onChange profile.firstName $values 1`] = `
{
  "profile.firstName": "test",
}
`;

exports[`SimpleFormFlat onChange profile.firstName, profile.lastName  $values 1`] = `
{
  "profile": {
    "lastName": "test2",
  },
  "profile.firstName": "test1",
}
`;

exports[`SimpleFormFlat onChange profile.lastName $values 1`] = `
{
  "profile": {
    "lastName": "test",
  },
}
`;
